[2026-01-18 11:47:02] Timer started (20s).
[2026-01-18 11:47:22] Timer elapsed. Sending password.
[2026-01-18 11:47:22] Tibia window focused. Preparing paste.
[2026-01-18 11:47:22] Clipboard set. Launching paste script.
[2026-01-18 11:47:22] Paste script started via: C:\Program Files\AutoHotkey\v2\AutoHotkey64.exe
[2026-01-18 11:48:26] Timer started (20s).
[2026-01-18 11:48:46] Timer elapsed. Sending password.
[2026-01-18 11:48:46] Tibia window focused. Preparing paste.
[2026-01-18 11:48:46] Clipboard set. Launching paste script.
[2026-01-18 11:48:46] Paste script started via: C:\Program Files\AutoHotkey\v2\AutoHotkey64.exe
[2026-01-18 20:54:07] Timer started (20s).
[2026-01-18 20:54:22] Timer started (20s).
[2026-01-18 20:54:42] Timer elapsed. Sending password.
[2026-01-18 20:54:42] Tibia window focused. Preparing paste.
[2026-01-18 20:54:42] Clipboard set. Launching paste script.
[2026-01-18 20:54:42] Paste script started via: C:\Program Files\AutoHotkey\v2\AutoHotkey64.exe
[2026-01-19 15:44:03] Timer started (20s).
[2026-01-19 15:44:23] Timer elapsed. Sending password.
[2026-01-20 13:47:59] Timer started (20s).
[2026-01-20 13:48:19] Timer elapsed. Sending password.
